// Jest Snapshot v1, https://goo.gl/fbAQLP

exports[`<Grid /> it renders without props 1`] = `<div />`;
