// Jest Snapshot v1, https://goo.gl/fbAQLP

exports[`<List /> it renders without props 1`] = `
<div
  className="list"
/>
`;
